// Jest Snapshot v1, https://goo.gl/fbAQLP

exports[`the profile input  snap shot the component 1`] = `
<div
  className="demensions"
>
  <div>
    <svg
      className="svg"
      viewBox="0 0 320 550.8"
    >
      <defs>
        <linearGradient
          gradientUnits="userSpaceOnUse"
          id="linearGradient"
          inkscapeCollect="always"
          x1="13"
          x2="307"
          y1="193.49992"
          y2="193.49992"
        >
          <stop
            id="stop876"
            offset="0"
            style={
              Object {
                "stopColor": "#ff00ff",
              }
            }
          />
          <stop
            id="stop878"
            offset="1"
            style={
              Object {
                "stopColor": "#ff0000",
              }
            }
          />
        </linearGradient>
      </defs>
      <path
        className="path"
        d="M282.8,23l-240,0c0,0-25,0.8-25,35c0,34.2,25,35,25,35l-5.5,0l240,0c0,0,25,0.8,25,35c0,34.2-25,35-25,35l5.5,0l-240,0 c0,0-25,0.8-25,35c0,34.2,25,35,25,35l-5.5,0l240,0c0,0,25,0.8,25,35c0,34.2-25,35-25,35l8.3,0l-240,0c0,0-25,0.8-25,35 c0,34.2,25,35,25,35l-5.5,0l240,0c0,0,25,0.8,25,35c0,34.2-25,35-25,35H40c0,0-25,4-25,38.5S40,520,40,520h215c0,0,20-1,20-25 s-20-25-20-25H65c0,0-20,1.7-20,25c0,24,20,25,20,25h168.6"
      />
    </svg>
    <form
      autoComplete="off"
      noValidate={true}
      style={
        Object {
          "margin": "0 40px",
          "position": "absolute",
          "zIndex": 10,
        }
      }
    >
      <label
        alt="first name"
        aria-label="first_name"
        className="label"
        htmlFor="first_name"
      >
        First Name
      </label>
      <input
        class="input"
        data-strokedasharray="240 3000"
        data-strokedashoffset="0"
        name="first_name"
        onFocus={[Function]}
        placeholder="First Name"
        type="text"
      />
      <label
        aria-label="last name"
        className="label"
        data-testid="lname"
        htmlFor="last_name"
      >
        Last Name
      </label>
      <input
        aria-label="last name"
        class="input"
        data-strokedasharray="240 3000"
        data-strokedashoffset="-331"
        name="last_name"
        onFocus={[Function]}
        placeholder="Last Name"
        type="text"
      />
      <label
        aria-label="birth date"
        className="label"
        htmlFor="dob"
      >
        Date
      </label>
      <input
        class="input datepicker"
        data-strokedasharray="240 3000"
        data-strokedashoffset="-686"
        id="dob"
        name="dob"
        onFocus={[Function]}
        type="date"
      />
      <label
        aria-label="address"
        className="label"
        htmlFor="address"
      >
        Address
      </label>
      <input
        className="input"
        data-strokedasharray="240 3000"
        data-strokedashoffset="-1012"
        name="address"
        onFocus={[Function]}
        placeholder="Address"
        type="text"
      />
      <label
        aria-label="city"
        className="label"
        htmlFor="city"
      >
        City 
      </label>
      <input
        className="input"
        data-strokedasharray="240 3000"
        data-strokedashoffset="-1367"
        name="city"
        onFocus={[Function]}
        placeholder="City"
        type="text"
      />
      <div>
        <label
          aria-label="state"
          className="label"
        >
          States
        </label>
        <select
          className="input"
          data-strokedasharray="240 3000"
          data-strokedashoffset="-1696"
          name="state"
          onFocus={[Function]}
        >
          <option
            placeholder="Choose"
          >
            Choose...
          </option>
          <option
            value="Alabama"
          >
            Alabama
          </option>
          <option
            value="Alaska"
          >
            Alaska
          </option>
          <option
            value="Arizona"
          >
            Arizona
          </option>
          <option
            value="Arkansas"
          >
            Arkansas
          </option>
          <option
            value="California"
          >
            California
          </option>
          <option
            value="Colorado"
          >
            Colorado
          </option>
          <option
            value="Connecticut"
          >
            Connecticut
          </option>
          <option
            value="Delaware"
          >
            Delaware
          </option>
          <option
            value="Florida"
          >
            Florida
          </option>
          <option
            value="Georgia"
          >
            Georgia
          </option>
          <option
            value="Hawaii"
          >
            Hawaii
          </option>
          <option
            value="Idaho"
          >
            Idaho
          </option>
          <option
            value="Illinois"
          >
            Illinois
          </option>
          <option
            value="Indiana"
          >
            Indiana
          </option>
          <option
            value="Iowa"
          >
            Iowa
          </option>
          <option
            value="Kansas"
          >
            Kansas
          </option>
          <option
            value="Kentucky"
          >
            Kentucky
          </option>
          <option
            value="Louisiana"
          >
            Louisiana
          </option>
          <option
            value="Maine"
          >
            Maine
          </option>
          <option
            value="Maryland"
          >
            Maryland
          </option>
          <option
            value="Massachusetts"
          >
            Massachusetts
          </option>
          <option
            value="Michigan"
          >
            Michigan
          </option>
          <option
            value="Minnesota"
          >
            Minnesota
          </option>
          <option
            value="Mississippi"
          >
            Mississippi
          </option>
          <option
            value="Missouri"
          >
            Missouri
          </option>
          <option
            value="Montana"
          >
            Montana
          </option>
          <option
            value="Nebraska"
          >
            Nebraska
          </option>
          <option
            value="Nevada"
          >
            Nevada
          </option>
          <option
            value="New Hampshire"
          >
            New Hampshire
          </option>
          <option
            value="New Jersey"
          >
            New Jersey
          </option>
          <option
            value="New Mexico"
          >
            New Mexico
          </option>
          <option
            value="New York"
          >
            New York
          </option>
          <option
            value="North Carolina"
          >
            North Carolina
          </option>
          <option
            value="North Dakota"
          >
            North Dakota
          </option>
          <option
            value="Ohio"
          >
            Ohio
          </option>
          <option
            value="Oklahoma"
          >
            Oklahoma
          </option>
          <option
            value="Oregon"
          >
            Oregon
          </option>
          <option
            value="Pennsylvania"
          >
            Pennsylvania
          </option>
          <option
            value="Rhode Island"
          >
            Rhode Island
          </option>
          <option
            value="South Carolina"
          >
            South Carolina
          </option>
          <option
            value="South Dakota"
          >
            South Dakota
          </option>
          <option
            value="Tennessee"
          >
            Tennessee
          </option>
          <option
            value="Texas"
          >
            Texas
          </option>
          <option
            value="Utah"
          >
            Utah
          </option>
          <option
            value="Vermont"
          >
            Vermont
          </option>
          <option
            value="Virginia"
          >
            Virginia
          </option>
          <option
            value="Washingtion"
          >
            Washington
          </option>
          <option
            value="West Virginia"
          >
            West Virginia
          </option>
          <option
            value="Wisconsin"
          >
            Wisconsin
          </option>
          <option
            value="Wyoming"
          >
            Wyoming
          </option>
        </select>
      </div>
      <div>
        <label
          aria-label="zip code"
          className="label"
          for="Zip Code"
        >
          Zip
        </label>
        <input
          className="input"
          data-strokedasharray="240 3000"
          data-strokedashoffset="-2040"
          name="zip"
          onFocus={[Function]}
          placeholder="Zip Code"
          type="number"
        />
      </div>
      <div
        className="center"
      >
        <button
          className="btn"
          onFocus={[Function]}
          type="submit"
        >
          Add Profile
        </button>
      </div>
    </form>
  </div>
</div>
`;
